  --- Logical volume ---
  LV Path                /dev/ngenadie42-vg/root
  LV Name                root
  VG Name                ngenadie42-vg
  LV UUID                B81N7S-LAhq-8vo9-fXW0-YTFi-XQfC-ZNRtOe
  LV Write Access        read/write
  LV Creation host, time ngenadie42, 2021-07-12 23:12:26 -0400
  LV Status              available
  # open                 1
  LV Size                <5.14 GiB
  Current LE             1315
  Segments               1
  Allocation             inherit
  Read ahead sectors     auto
  - currently set to     256
  Block device           254:1
   
  --- Logical volume ---
  LV Path                /dev/ngenadie42-vg/swap_1
  LV Name                swap_1
  VG Name                ngenadie42-vg
  LV UUID                FdFoaq-8eKD-xpiM-dQwQ-fsat-1end-JjGujl
  LV Write Access        read/write
  LV Creation host, time ngenadie42, 2021-07-12 23:12:26 -0400
  LV Status              available
  # open                 2
  LV Size                976.00 MiB
  Current LE             244
  Segments               1
  Allocation             inherit
  Read ahead sectors     auto
  - currently set to     256
  Block device           254:2
   
  --- Logical volume ---
  LV Path                /dev/ngenadie42-vg/home
  LV Name                home
  VG Name                ngenadie42-vg
  LV UUID                n4VDhR-ZdS3-zTzN-lVY4-9pYk-VShv-M17J53
  LV Write Access        read/write
  LV Creation host, time ngenadie42, 2021-07-12 23:12:26 -0400
  LV Status              available
  # open                 1
  LV Size                8.41 GiB
  Current LE             2154
  Segments               1
  Allocation             inherit
  Read ahead sectors     auto
  - currently set to     256
  Block device           254:3
   
  --- Logical volume ---
  LV Path                /dev/ngenadie42-vg/root
  LV Name                root
  VG Name                ngenadie42-vg
  LV UUID                B81N7S-LAhq-8vo9-fXW0-YTFi-XQfC-ZNRtOe
  LV Write Access        read/write
  LV Creation host, time ngenadie42, 2021-07-12 23:12:26 -0400
  LV Status              available
  # open                 1
  LV Size                <5.14 GiB
  Current LE             1315
  Segments               1
  Allocation             inherit
  Read ahead sectors     auto
  - currently set to     256
  Block device           254:1
   
  --- Logical volume ---
  LV Path                /dev/ngenadie42-vg/swap_1
  LV Name                swap_1
  VG Name                ngenadie42-vg
  LV UUID                FdFoaq-8eKD-xpiM-dQwQ-fsat-1end-JjGujl
  LV Write Access        read/write
  LV Creation host, time ngenadie42, 2021-07-12 23:12:26 -0400
  LV Status              available
  # open                 2
  LV Size                976.00 MiB
  Current LE             244
  Segments               1
  Allocation             inherit
  Read ahead sectors     auto
  - currently set to     256
  Block device           254:2
   
  --- Logical volume ---
  LV Path                /dev/ngenadie42-vg/home
  LV Name                home
  VG Name                ngenadie42-vg
  LV UUID                n4VDhR-ZdS3-zTzN-lVY4-9pYk-VShv-M17J53
  LV Write Access        read/write
  LV Creation host, time ngenadie42, 2021-07-12 23:12:26 -0400
  LV Status              available
  # open                 1
  LV Size                8.41 GiB
  Current LE             2154
  Segments               1
  Allocation             inherit
  Read ahead sectors     auto
  - currently set to     256
  Block device           254:3
   
